// Jest Snapshot v1, https://goo.gl/fbAQLP

exports[`ContactList form Screen Unit test renders blank correctly 1`] = `null`;

exports[`ContactList form Screen Unit test renders blank correctly 2`] = `null`;
